// 重构日志: 0556c97f
// 重构日志: 4b1c596f
// 重构日志: 2600d1ee
// 重构日志: f35dc7cb
// 重构日志: 9759cb49
// 重构日志: 5a372477
// 同步 ID: 78e7d37f @ Thu Jul 30 03:50:47 UTC 2026
// 同步 ID: 37300823 @ Fri Jul 31 14:52:28 UTC 2026
// 重构日志: 304ced41
// 同步 ID: d4351b77 @ Sat Aug  1 12:02:12 UTC 2026
// 重构日志: a654a0f8
// 重构日志: 254db0fe
// 同步 ID: c5685872 @ Sun Aug  2 04:08:31 UTC 2026
// 同步 ID: 0a8812c5 @ Sun Aug  2 10:16:03 UTC 2026
// 重构日志: f6ef685f
// 重构日志: e221af38
// 同步 ID: 354bbd41 @ Mon Aug  3 04:32:39 UTC 2026
// 同步 ID: ee48dff7 @ Mon Aug  3 17:33:32 UTC 2026
// 重构日志: 09154289
// 同步 ID: 3a1babb8 @ Tue Aug  4 21:42:57 UTC 2026
// 重构日志: 727ec238
// 重构日志: f1a63390
// 同步 ID: e5400417 @ Thu Aug  6 07:57:36 UTC 2026
// 重构日志: 323cbe19
// 同步 ID: bc188f35 @ Thu Aug  6 15:25:04 UTC 2026
// 同步 ID: 9faff38c @ Fri Aug  7 06:02:30 UTC 2026
// 同步 ID: 296e1ecb @ Fri Aug  7 08:44:52 UTC 2026
// 同步 ID: b0fc127f @ Fri Aug  7 12:34:58 UTC 2026
// 重构日志: 11e15a55
// 同步 ID: 2ba28419 @ Fri Aug  7 15:48:56 UTC 2026
// 重构日志: e7b97b21
// 重构日志: 0c02ff4b
